2026-06-09 11:26:36,545 - aqt.helper - DEBUG - helper 16108 Attempt to download checksum at https://download.qt.io/online/qtsdkrepository/windows_x86/desktop/qt6_661/Updates.xml.sha256
2026-06-09 11:26:37,893 - aqt.helper - DEBUG - helper 16108 Attempt to download checksum at https://download.qt.io/online/qtsdkrepository/windows_x86/desktop/qt6_661_wasm_singlethread/Updates.xml.sha256
2026-06-09 11:26:39,158 - aqt.helper - DEBUG - helper 16108 Attempt to download checksum at https://download.qt.io/online/qtsdkrepository/windows_x86/desktop/qt6_661_wasm_multithread/Updates.xml.sha256
2026-06-09 11:26:41,039 - aqt.main - INFO - installer 26304 aqtinstall(aqt) v3.3.0 on Python 3.14.3 [CPython MSC v.1944 64 bit (AMD64)]
2026-06-09 11:26:41,040 - aqt.helper - DEBUG - helper 26304 Attempt to download checksum at https://download.qt.io/online/qtsdkrepository/windows_x86/desktop/qt6_661/Updates.xml.sha256
2026-06-09 11:26:43,332 - aqt.helper - DEBUG - helper 21036 Attempt to download checksum at https://download.qt.io/online/qtsdkrepository/windows_x86/desktop/qt6_661/qt.qt6.661.win64_mingw/6.6.1-0-202311210527qtbase-Windows-Windows_10_22H2-Mingw-Windows-Windows_10_22H2-X86_64.7z.sha256
2026-06-09 11:26:43,389 - aqt.helper - DEBUG - helper 23432 Attempt to download checksum at https://download.qt.io/online/qtsdkrepository/windows_x86/desktop/qt6_661/qt.qt6.661.win64_mingw/6.6.1-0-202311210527qtsvg-Windows-Windows_10_22H2-Mingw-Windows-Windows_10_22H2-X86_64.7z.sha256
2026-06-09 11:26:43,451 - aqt.helper - DEBUG - helper 17056 Attempt to download checksum at https://download.qt.io/online/qtsdkrepository/windows_x86/desktop/qt6_661/qt.qt6.661.win64_mingw/6.6.1-0-202311210527qtdeclarative-Windows-Windows_10_22H2-Mingw-Windows-Windows_10_22H2-X86_64.7z.sha256
2026-06-09 11:26:43,548 - aqt.helper - DEBUG - helper 6256 Attempt to download checksum at https://download.qt.io/online/qtsdkrepository/windows_x86/desktop/qt6_661/qt.qt6.661.win64_mingw/6.6.1-0-202311210527qttools-Windows-Windows_10_22H2-Mingw-Windows-Windows_10_22H2-X86_64.7z.sha256
2026-06-09 11:26:44,072 - aqt.helper - INFO - helper 21036 Downloading qtbase...
2026-06-09 11:26:44,073 - aqt.installer - DEBUG - installer 21036 Download URL: https://download.qt.io/online/qtsdkrepository/windows_x86/desktop/qt6_661/qt.qt6.661.win64_mingw/6.6.1-0-202311210527qtbase-Windows-Windows_10_22H2-Mingw-Windows-Windows_10_22H2-X86_64.7z
2026-06-09 11:26:44,125 - aqt.helper - INFO - helper 23432 Downloading qtsvg...
2026-06-09 11:26:44,125 - aqt.installer - DEBUG - installer 23432 Download URL: https://download.qt.io/online/qtsdkrepository/windows_x86/desktop/qt6_661/qt.qt6.661.win64_mingw/6.6.1-0-202311210527qtsvg-Windows-Windows_10_22H2-Mingw-Windows-Windows_10_22H2-X86_64.7z
2026-06-09 11:26:44,194 - aqt.helper - INFO - helper 17056 Downloading qtdeclarative...
2026-06-09 11:26:44,194 - aqt.installer - DEBUG - installer 17056 Download URL: https://download.qt.io/online/qtsdkrepository/windows_x86/desktop/qt6_661/qt.qt6.661.win64_mingw/6.6.1-0-202311210527qtdeclarative-Windows-Windows_10_22H2-Mingw-Windows-Windows_10_22H2-X86_64.7z
2026-06-09 11:26:44,286 - aqt.helper - INFO - helper 6256 Downloading qttools...
2026-06-09 11:26:44,286 - aqt.installer - DEBUG - installer 6256 Download URL: https://download.qt.io/online/qtsdkrepository/windows_x86/desktop/qt6_661/qt.qt6.661.win64_mingw/6.6.1-0-202311210527qttools-Windows-Windows_10_22H2-Mingw-Windows-Windows_10_22H2-X86_64.7z
2026-06-09 11:26:44,793 - aqt.helper - DEBUG - helper 21036 Asked to redirect(302) to: https://mirrors.20i.com/pub/qt.io/online/qtsdkrepository/windows_x86/desktop/qt6_661/qt.qt6.661.win64_mingw/6.6.1-0-202311210527qtbase-Windows-Windows_10_22H2-Mingw-Windows-Windows_10_22H2-X86_64.7z
2026-06-09 11:26:44,794 - aqt.helper - INFO - helper 21036 Redirected: mirrors.20i.com
2026-06-09 11:26:44,875 - aqt.helper - DEBUG - helper 23432 Asked to redirect(302) to: https://mirrors.20i.com/pub/qt.io/online/qtsdkrepository/windows_x86/desktop/qt6_661/qt.qt6.661.win64_mingw/6.6.1-0-202311210527qtsvg-Windows-Windows_10_22H2-Mingw-Windows-Windows_10_22H2-X86_64.7z
2026-06-09 11:26:44,875 - aqt.helper - INFO - helper 23432 Redirected: mirrors.20i.com
2026-06-09 11:26:44,924 - aqt.helper - DEBUG - helper 17056 Asked to redirect(302) to: https://mirrors.20i.com/pub/qt.io/online/qtsdkrepository/windows_x86/desktop/qt6_661/qt.qt6.661.win64_mingw/6.6.1-0-202311210527qtdeclarative-Windows-Windows_10_22H2-Mingw-Windows-Windows_10_22H2-X86_64.7z
2026-06-09 11:26:44,924 - aqt.helper - INFO - helper 17056 Redirected: mirrors.20i.com
2026-06-09 11:26:45,002 - aqt.helper - DEBUG - helper 6256 Asked to redirect(302) to: https://mirrors.20i.com/pub/qt.io/online/qtsdkrepository/windows_x86/desktop/qt6_661/qt.qt6.661.win64_mingw/6.6.1-0-202311210527qttools-Windows-Windows_10_22H2-Mingw-Windows-Windows_10_22H2-X86_64.7z
2026-06-09 11:26:45,002 - aqt.helper - INFO - helper 6256 Redirected: mirrors.20i.com
2026-06-09 11:26:45,666 - aqt.installer - INFO - installer 23432 Finished installation of qtsvg-Windows-Windows_10_22H2-Mingw-Windows-Windows_10_22H2-X86_64.7z in 2.27921030
2026-06-09 11:26:45,677 - aqt.helper - DEBUG - helper 23432 Attempt to download checksum at https://download.qt.io/online/qtsdkrepository/windows_x86/desktop/qt6_661/qt.qt6.661.win64_mingw/6.6.1-0-202311210527qttranslations-Windows-Windows_10_22H2-Mingw-Windows-Windows_10_22H2-X86_64.7z.sha256
2026-06-09 11:26:46,358 - aqt.helper - INFO - helper 23432 Downloading qttranslations...
2026-06-09 11:26:46,359 - aqt.installer - DEBUG - installer 23432 Download URL: https://download.qt.io/online/qtsdkrepository/windows_x86/desktop/qt6_661/qt.qt6.661.win64_mingw/6.6.1-0-202311210527qttranslations-Windows-Windows_10_22H2-Mingw-Windows-Windows_10_22H2-X86_64.7z
2026-06-09 11:26:47,028 - aqt.helper - DEBUG - helper 23432 Asked to redirect(302) to: https://mirrors.20i.com/pub/qt.io/online/qtsdkrepository/windows_x86/desktop/qt6_661/qt.qt6.661.win64_mingw/6.6.1-0-202311210527qttranslations-Windows-Windows_10_22H2-Mingw-Windows-Windows_10_22H2-X86_64.7z
2026-06-09 11:26:47,028 - aqt.helper - INFO - helper 23432 Redirected: mirrors.20i.com
2026-06-09 11:26:48,158 - aqt.installer - INFO - installer 23432 Finished installation of qttranslations-Windows-Windows_10_22H2-Mingw-Windows-Windows_10_22H2-X86_64.7z in 2.48252440
2026-06-09 11:26:48,174 - aqt.helper - DEBUG - helper 23432 Attempt to download checksum at https://download.qt.io/online/qtsdkrepository/windows_x86/desktop/qt6_661/qt.qt6.661.win64_mingw/6.6.1-0-202311210527MinGW-w64-x86_64-11.2.0-release-posix-seh-rt_v9-rev1-runtime.7z.sha256
2026-06-09 11:26:48,859 - aqt.helper - INFO - helper 23432 Downloading MinGW...
2026-06-09 11:26:48,859 - aqt.installer - DEBUG - installer 23432 Download URL: https://download.qt.io/online/qtsdkrepository/windows_x86/desktop/qt6_661/qt.qt6.661.win64_mingw/6.6.1-0-202311210527MinGW-w64-x86_64-11.2.0-release-posix-seh-rt_v9-rev1-runtime.7z
2026-06-09 11:26:49,575 - aqt.helper - DEBUG - helper 23432 Asked to redirect(302) to: https://mirrors.20i.com/pub/qt.io/online/qtsdkrepository/windows_x86/desktop/qt6_661/qt.qt6.661.win64_mingw/6.6.1-0-202311210527MinGW-w64-x86_64-11.2.0-release-posix-seh-rt_v9-rev1-runtime.7z
2026-06-09 11:26:49,575 - aqt.helper - INFO - helper 23432 Redirected: mirrors.20i.com
2026-06-09 11:26:49,592 - aqt.installer - INFO - installer 6256 Finished installation of qttools-Windows-Windows_10_22H2-Mingw-Windows-Windows_10_22H2-X86_64.7z in 6.04664900
2026-06-09 11:26:49,607 - aqt.helper - DEBUG - helper 6256 Attempt to download checksum at https://download.qt.io/online/qtsdkrepository/windows_x86/desktop/qt6_661/qt.qt6.661.win64_mingw/6.6.1-0-202311210527d3dcompiler_47-x64.7z.sha256
2026-06-09 11:26:50,305 - aqt.helper - INFO - helper 6256 Downloading d3dcompiler_47...
2026-06-09 11:26:50,305 - aqt.installer - DEBUG - installer 6256 Download URL: https://download.qt.io/online/qtsdkrepository/windows_x86/desktop/qt6_661/qt.qt6.661.win64_mingw/6.6.1-0-202311210527d3dcompiler_47-x64.7z
2026-06-09 11:26:50,331 - aqt.installer - INFO - installer 23432 Finished installation of MinGW-w64-x86_64-11.2.0-release-posix-seh-rt_v9-rev1-runtime.7z in 2.15984240
2026-06-09 11:26:50,344 - aqt.helper - DEBUG - helper 23432 Attempt to download checksum at https://download.qt.io/online/qtsdkrepository/windows_x86/desktop/qt6_661/qt.qt6.661.win64_mingw/6.6.1-0-202311210527opengl32sw-64-mesa_11_2_2-signed_sha256.7z.sha256
2026-06-09 11:26:50,996 - aqt.helper - DEBUG - helper 6256 Asked to redirect(302) to: https://mirrors.20i.com/pub/qt.io/online/qtsdkrepository/windows_x86/desktop/qt6_661/qt.qt6.661.win64_mingw/6.6.1-0-202311210527d3dcompiler_47-x64.7z
2026-06-09 11:26:50,996 - aqt.helper - INFO - helper 6256 Redirected: mirrors.20i.com
2026-06-09 11:26:51,034 - aqt.helper - INFO - helper 23432 Downloading opengl32sw...
2026-06-09 11:26:51,034 - aqt.installer - DEBUG - installer 23432 Download URL: https://download.qt.io/online/qtsdkrepository/windows_x86/desktop/qt6_661/qt.qt6.661.win64_mingw/6.6.1-0-202311210527opengl32sw-64-mesa_11_2_2-signed_sha256.7z
2026-06-09 11:26:51,748 - aqt.helper - DEBUG - helper 23432 Asked to redirect(302) to: https://mirrors.20i.com/pub/qt.io/online/qtsdkrepository/windows_x86/desktop/qt6_661/qt.qt6.661.win64_mingw/6.6.1-0-202311210527opengl32sw-64-mesa_11_2_2-signed_sha256.7z
2026-06-09 11:26:51,748 - aqt.helper - INFO - helper 23432 Redirected: mirrors.20i.com
2026-06-09 11:26:51,803 - aqt.installer - INFO - installer 21036 Finished installation of qtbase-Windows-Windows_10_22H2-Mingw-Windows-Windows_10_22H2-X86_64.7z in 8.47329700
2026-06-09 11:26:51,879 - aqt.installer - INFO - installer 6256 Finished installation of d3dcompiler_47-x64.7z in 2.27606210
2026-06-09 11:26:53,033 - aqt.installer - INFO - installer 23432 Finished installation of opengl32sw-64-mesa_11_2_2-signed_sha256.7z in 2.69195040
2026-06-09 11:27:09,439 - aqt.installer - INFO - installer 17056 Finished installation of qtdeclarative-Windows-Windows_10_22H2-Mingw-Windows-Windows_10_22H2-X86_64.7z in 25.99020320
2026-06-09 11:27:09,769 - aqt.updater - INFO - updater 26304 Patching C:\Qt\6.6.1\mingw_64\bin\qmake.exe
2026-06-09 11:27:09,772 - aqt.updater - INFO - updater 26304 Patching C:\Qt\6.6.1\mingw_64\lib\pkgconfig\Qt6Concurrent.pc
2026-06-09 11:27:09,779 - aqt.updater - INFO - updater 26304 Patching C:\Qt\6.6.1\mingw_64\lib\pkgconfig\Qt6Core.pc
2026-06-09 11:27:09,785 - aqt.updater - INFO - updater 26304 Patching C:\Qt\6.6.1\mingw_64\lib\pkgconfig\Qt6DBus.pc
2026-06-09 11:27:09,791 - aqt.updater - INFO - updater 26304 Patching C:\Qt\6.6.1\mingw_64\lib\pkgconfig\Qt6Designer.pc
2026-06-09 11:27:09,798 - aqt.updater - INFO - updater 26304 Patching C:\Qt\6.6.1\mingw_64\lib\pkgconfig\Qt6Gui.pc
2026-06-09 11:27:09,804 - aqt.updater - INFO - updater 26304 Patching C:\Qt\6.6.1\mingw_64\lib\pkgconfig\Qt6Help.pc
2026-06-09 11:27:09,810 - aqt.updater - INFO - updater 26304 Patching C:\Qt\6.6.1\mingw_64\lib\pkgconfig\Qt6LabsAnimation.pc
2026-06-09 11:27:09,817 - aqt.updater - INFO - updater 26304 Patching C:\Qt\6.6.1\mingw_64\lib\pkgconfig\Qt6LabsFolderListModel.pc
2026-06-09 11:27:09,823 - aqt.updater - INFO - updater 26304 Patching C:\Qt\6.6.1\mingw_64\lib\pkgconfig\Qt6LabsQmlModels.pc
2026-06-09 11:27:09,829 - aqt.updater - INFO - updater 26304 Patching C:\Qt\6.6.1\mingw_64\lib\pkgconfig\Qt6LabsSettings.pc
2026-06-09 11:27:09,835 - aqt.updater - INFO - updater 26304 Patching C:\Qt\6.6.1\mingw_64\lib\pkgconfig\Qt6LabsSharedImage.pc
2026-06-09 11:27:09,842 - aqt.updater - INFO - updater 26304 Patching C:\Qt\6.6.1\mingw_64\lib\pkgconfig\Qt6LabsWavefrontMesh.pc
2026-06-09 11:27:09,849 - aqt.updater - INFO - updater 26304 Patching C:\Qt\6.6.1\mingw_64\lib\pkgconfig\Qt6Linguist.pc
2026-06-09 11:27:09,855 - aqt.updater - INFO - updater 26304 Patching C:\Qt\6.6.1\mingw_64\lib\pkgconfig\Qt6Network.pc
2026-06-09 11:27:09,862 - aqt.updater - INFO - updater 26304 Patching C:\Qt\6.6.1\mingw_64\lib\pkgconfig\Qt6OpenGL.pc
2026-06-09 11:27:09,868 - aqt.updater - INFO - updater 26304 Patching C:\Qt\6.6.1\mingw_64\lib\pkgconfig\Qt6OpenGLWidgets.pc
2026-06-09 11:27:09,874 - aqt.updater - INFO - updater 26304 Patching C:\Qt\6.6.1\mingw_64\lib\pkgconfig\Qt6Platform.pc
2026-06-09 11:27:09,880 - aqt.updater - INFO - updater 26304 Patching C:\Qt\6.6.1\mingw_64\lib\pkgconfig\Qt6PrintSupport.pc
2026-06-09 11:27:09,886 - aqt.updater - INFO - updater 26304 Patching C:\Qt\6.6.1\mingw_64\lib\pkgconfig\Qt6QDocCatchConversionsPrivate.pc
2026-06-09 11:27:09,892 - aqt.updater - INFO - updater 26304 Patching C:\Qt\6.6.1\mingw_64\lib\pkgconfig\Qt6QDocCatchGeneratorsPrivate.pc
2026-06-09 11:27:09,898 - aqt.updater - INFO - updater 26304 Patching C:\Qt\6.6.1\mingw_64\lib\pkgconfig\Qt6Qml.pc
2026-06-09 11:27:09,905 - aqt.updater - INFO - updater 26304 Patching C:\Qt\6.6.1\mingw_64\lib\pkgconfig\Qt6QmlCompiler.pc
2026-06-09 11:27:09,910 - aqt.updater - INFO - updater 26304 Patching C:\Qt\6.6.1\mingw_64\lib\pkgconfig\Qt6QmlCore.pc
2026-06-09 11:27:09,916 - aqt.updater - INFO - updater 26304 Patching C:\Qt\6.6.1\mingw_64\lib\pkgconfig\Qt6QmlIntegration.pc
2026-06-09 11:27:09,922 - aqt.updater - INFO - updater 26304 Patching C:\Qt\6.6.1\mingw_64\lib\pkgconfig\Qt6QmlLocalStorage.pc
2026-06-09 11:27:09,929 - aqt.updater - INFO - updater 26304 Patching C:\Qt\6.6.1\mingw_64\lib\pkgconfig\Qt6QmlModels.pc
2026-06-09 11:27:09,936 - aqt.updater - INFO - updater 26304 Patching C:\Qt\6.6.1\mingw_64\lib\pkgconfig\Qt6QmlWorkerScript.pc
2026-06-09 11:27:09,942 - aqt.updater - INFO - updater 26304 Patching C:\Qt\6.6.1\mingw_64\lib\pkgconfig\Qt6QmlXmlListModel.pc
2026-06-09 11:27:09,949 - aqt.updater - INFO - updater 26304 Patching C:\Qt\6.6.1\mingw_64\lib\pkgconfig\Qt6Quick.pc
2026-06-09 11:27:09,955 - aqt.updater - INFO - updater 26304 Patching C:\Qt\6.6.1\mingw_64\lib\pkgconfig\Qt6QuickControls2.pc
2026-06-09 11:27:09,961 - aqt.updater - INFO - updater 26304 Patching C:\Qt\6.6.1\mingw_64\lib\pkgconfig\Qt6QuickControls2Impl.pc
2026-06-09 11:27:09,967 - aqt.updater - INFO - updater 26304 Patching C:\Qt\6.6.1\mingw_64\lib\pkgconfig\Qt6QuickDialogs2.pc
2026-06-09 11:27:09,973 - aqt.updater - INFO - updater 26304 Patching C:\Qt\6.6.1\mingw_64\lib\pkgconfig\Qt6QuickDialogs2QuickImpl.pc
2026-06-09 11:27:09,979 - aqt.updater - INFO - updater 26304 Patching C:\Qt\6.6.1\mingw_64\lib\pkgconfig\Qt6QuickDialogs2Utils.pc
2026-06-09 11:27:09,986 - aqt.updater - INFO - updater 26304 Patching C:\Qt\6.6.1\mingw_64\lib\pkgconfig\Qt6QuickLayouts.pc
2026-06-09 11:27:09,992 - aqt.updater - INFO - updater 26304 Patching C:\Qt\6.6.1\mingw_64\lib\pkgconfig\Qt6QuickTemplates2.pc
2026-06-09 11:27:09,998 - aqt.updater - INFO - updater 26304 Patching C:\Qt\6.6.1\mingw_64\lib\pkgconfig\Qt6QuickTest.pc
2026-06-09 11:27:10,004 - aqt.updater - INFO - updater 26304 Patching C:\Qt\6.6.1\mingw_64\lib\pkgconfig\Qt6QuickWidgets.pc
2026-06-09 11:27:10,010 - aqt.updater - INFO - updater 26304 Patching C:\Qt\6.6.1\mingw_64\lib\pkgconfig\Qt6Sql.pc
2026-06-09 11:27:10,018 - aqt.updater - INFO - updater 26304 Patching C:\Qt\6.6.1\mingw_64\lib\pkgconfig\Qt6Svg.pc
2026-06-09 11:27:10,024 - aqt.updater - INFO - updater 26304 Patching C:\Qt\6.6.1\mingw_64\lib\pkgconfig\Qt6SvgWidgets.pc
2026-06-09 11:27:10,030 - aqt.updater - INFO - updater 26304 Patching C:\Qt\6.6.1\mingw_64\lib\pkgconfig\Qt6Test.pc
2026-06-09 11:27:10,037 - aqt.updater - INFO - updater 26304 Patching C:\Qt\6.6.1\mingw_64\lib\pkgconfig\Qt6UiPlugin.pc
2026-06-09 11:27:10,043 - aqt.updater - INFO - updater 26304 Patching C:\Qt\6.6.1\mingw_64\lib\pkgconfig\Qt6UiTools.pc
2026-06-09 11:27:10,049 - aqt.updater - INFO - updater 26304 Patching C:\Qt\6.6.1\mingw_64\lib\pkgconfig\Qt6Widgets.pc
2026-06-09 11:27:10,055 - aqt.updater - INFO - updater 26304 Patching C:\Qt\6.6.1\mingw_64\lib\pkgconfig\Qt6Xml.pc
2026-06-09 11:27:10,062 - aqt.updater - INFO - updater 26304 Patching C:\Qt\6.6.1\mingw_64\lib\Qt6Concurrent.prl
2026-06-09 11:27:10,069 - aqt.updater - INFO - updater 26304 Patching C:\Qt\6.6.1\mingw_64\lib\Qt6Core.prl
2026-06-09 11:27:10,074 - aqt.updater - INFO - updater 26304 Patching C:\Qt\6.6.1\mingw_64\lib\Qt6DBus.prl
2026-06-09 11:27:10,080 - aqt.updater - INFO - updater 26304 Patching C:\Qt\6.6.1\mingw_64\lib\Qt6Designer.prl
2026-06-09 11:27:10,086 - aqt.updater - INFO - updater 26304 Patching C:\Qt\6.6.1\mingw_64\lib\Qt6DesignerComponents.prl
2026-06-09 11:27:10,093 - aqt.updater - INFO - updater 26304 Patching C:\Qt\6.6.1\mingw_64\lib\Qt6DeviceDiscoverySupport.prl
2026-06-09 11:27:10,099 - aqt.updater - INFO - updater 26304 Patching C:\Qt\6.6.1\mingw_64\lib\Qt6EntryPoint.prl
2026-06-09 11:27:10,106 - aqt.updater - INFO - updater 26304 Patching C:\Qt\6.6.1\mingw_64\lib\Qt6ExampleIcons.prl
2026-06-09 11:27:10,112 - aqt.updater - INFO - updater 26304 Patching C:\Qt\6.6.1\mingw_64\lib\Qt6FbSupport.prl
2026-06-09 11:27:10,119 - aqt.updater - INFO - updater 26304 Patching C:\Qt\6.6.1\mingw_64\lib\Qt6Gui.prl
2026-06-09 11:27:10,126 - aqt.updater - INFO - updater 26304 Patching C:\Qt\6.6.1\mingw_64\lib\Qt6Help.prl
2026-06-09 11:27:10,132 - aqt.updater - INFO - updater 26304 Patching C:\Qt\6.6.1\mingw_64\lib\Qt6LabsAnimation.prl
2026-06-09 11:27:10,138 - aqt.updater - INFO - updater 26304 Patching C:\Qt\6.6.1\mingw_64\lib\Qt6LabsFolderListModel.prl
2026-06-09 11:27:10,145 - aqt.updater - INFO - updater 26304 Patching C:\Qt\6.6.1\mingw_64\lib\Qt6LabsQmlModels.prl
2026-06-09 11:27:10,152 - aqt.updater - INFO - updater 26304 Patching C:\Qt\6.6.1\mingw_64\lib\Qt6LabsSettings.prl
2026-06-09 11:27:10,159 - aqt.updater - INFO - updater 26304 Patching C:\Qt\6.6.1\mingw_64\lib\Qt6LabsSharedImage.prl
2026-06-09 11:27:10,165 - aqt.updater - INFO - updater 26304 Patching C:\Qt\6.6.1\mingw_64\lib\Qt6LabsWavefrontMesh.prl
2026-06-09 11:27:10,172 - aqt.updater - INFO - updater 26304 Patching C:\Qt\6.6.1\mingw_64\lib\Qt6Network.prl
2026-06-09 11:27:10,178 - aqt.updater - INFO - updater 26304 Patching C:\Qt\6.6.1\mingw_64\lib\Qt6OpenGL.prl
2026-06-09 11:27:10,184 - aqt.updater - INFO - updater 26304 Patching C:\Qt\6.6.1\mingw_64\lib\Qt6OpenGLWidgets.prl
2026-06-09 11:27:10,191 - aqt.updater - INFO - updater 26304 Patching C:\Qt\6.6.1\mingw_64\lib\Qt6PacketProtocol.prl
2026-06-09 11:27:10,197 - aqt.updater - INFO - updater 26304 Patching C:\Qt\6.6.1\mingw_64\lib\Qt6PrintSupport.prl
2026-06-09 11:27:10,203 - aqt.updater - INFO - updater 26304 Patching C:\Qt\6.6.1\mingw_64\lib\Qt6Qml.prl
2026-06-09 11:27:10,209 - aqt.updater - INFO - updater 26304 Patching C:\Qt\6.6.1\mingw_64\lib\Qt6QmlCompiler.prl
2026-06-09 11:27:10,214 - aqt.updater - INFO - updater 26304 Patching C:\Qt\6.6.1\mingw_64\lib\Qt6QmlCore.prl
2026-06-09 11:27:10,221 - aqt.updater - INFO - updater 26304 Patching C:\Qt\6.6.1\mingw_64\lib\Qt6QmlDebug.prl
2026-06-09 11:27:10,227 - aqt.updater - INFO - updater 26304 Patching C:\Qt\6.6.1\mingw_64\lib\Qt6QmlDom.prl
2026-06-09 11:27:10,234 - aqt.updater - INFO - updater 26304 Patching C:\Qt\6.6.1\mingw_64\lib\Qt6QmlLocalStorage.prl
2026-06-09 11:27:10,240 - aqt.updater - INFO - updater 26304 Patching C:\Qt\6.6.1\mingw_64\lib\Qt6QmlLS.prl
2026-06-09 11:27:10,248 - aqt.updater - INFO - updater 26304 Patching C:\Qt\6.6.1\mingw_64\lib\Qt6QmlModels.prl
2026-06-09 11:27:10,254 - aqt.updater - INFO - updater 26304 Patching C:\Qt\6.6.1\mingw_64\lib\Qt6QmlToolingSettings.prl
2026-06-09 11:27:10,260 - aqt.updater - INFO - updater 26304 Patching C:\Qt\6.6.1\mingw_64\lib\Qt6QmlTypeRegistrar.prl
2026-06-09 11:27:10,266 - aqt.updater - INFO - updater 26304 Patching C:\Qt\6.6.1\mingw_64\lib\Qt6QmlWorkerScript.prl
2026-06-09 11:27:10,272 - aqt.updater - INFO - updater 26304 Patching C:\Qt\6.6.1\mingw_64\lib\Qt6QmlXmlListModel.prl
2026-06-09 11:27:10,278 - aqt.updater - INFO - updater 26304 Patching C:\Qt\6.6.1\mingw_64\lib\Qt6Quick.prl
2026-06-09 11:27:10,288 - aqt.updater - INFO - updater 26304 Patching C:\Qt\6.6.1\mingw_64\lib\Qt6QuickControls2.prl
2026-06-09 11:27:10,296 - aqt.updater - INFO - updater 26304 Patching C:\Qt\6.6.1\mingw_64\lib\Qt6QuickControls2Impl.prl
2026-06-09 11:27:10,305 - aqt.updater - INFO - updater 26304 Patching C:\Qt\6.6.1\mingw_64\lib\Qt6QuickControlsTestUtils.prl
2026-06-09 11:27:10,315 - aqt.updater - INFO - updater 26304 Patching C:\Qt\6.6.1\mingw_64\lib\Qt6QuickDialogs2.prl
2026-06-09 11:27:10,324 - aqt.updater - INFO - updater 26304 Patching C:\Qt\6.6.1\mingw_64\lib\Qt6QuickDialogs2QuickImpl.prl
2026-06-09 11:27:10,334 - aqt.updater - INFO - updater 26304 Patching C:\Qt\6.6.1\mingw_64\lib\Qt6QuickDialogs2Utils.prl
2026-06-09 11:27:10,343 - aqt.updater - INFO - updater 26304 Patching C:\Qt\6.6.1\mingw_64\lib\Qt6QuickEffects.prl
2026-06-09 11:27:10,352 - aqt.updater - INFO - updater 26304 Patching C:\Qt\6.6.1\mingw_64\lib\Qt6QuickLayouts.prl
2026-06-09 11:27:10,363 - aqt.updater - INFO - updater 26304 Patching C:\Qt\6.6.1\mingw_64\lib\Qt6QuickParticles.prl
2026-06-09 11:27:10,372 - aqt.updater - INFO - updater 26304 Patching C:\Qt\6.6.1\mingw_64\lib\Qt6QuickShapes.prl
2026-06-09 11:27:10,381 - aqt.updater - INFO - updater 26304 Patching C:\Qt\6.6.1\mingw_64\lib\Qt6QuickTemplates2.prl
2026-06-09 11:27:10,392 - aqt.updater - INFO - updater 26304 Patching C:\Qt\6.6.1\mingw_64\lib\Qt6QuickTest.prl
2026-06-09 11:27:10,402 - aqt.updater - INFO - updater 26304 Patching C:\Qt\6.6.1\mingw_64\lib\Qt6QuickTestUtils.prl
2026-06-09 11:27:10,409 - aqt.updater - INFO - updater 26304 Patching C:\Qt\6.6.1\mingw_64\lib\Qt6QuickWidgets.prl
2026-06-09 11:27:10,418 - aqt.updater - INFO - updater 26304 Patching C:\Qt\6.6.1\mingw_64\lib\Qt6Sql.prl
2026-06-09 11:27:10,426 - aqt.updater - INFO - updater 26304 Patching C:\Qt\6.6.1\mingw_64\lib\Qt6Svg.prl
2026-06-09 11:27:10,436 - aqt.updater - INFO - updater 26304 Patching C:\Qt\6.6.1\mingw_64\lib\Qt6SvgWidgets.prl
2026-06-09 11:27:10,443 - aqt.updater - INFO - updater 26304 Patching C:\Qt\6.6.1\mingw_64\lib\Qt6Test.prl
2026-06-09 11:27:10,455 - aqt.updater - INFO - updater 26304 Patching C:\Qt\6.6.1\mingw_64\lib\Qt6UiTools.prl
2026-06-09 11:27:10,467 - aqt.updater - INFO - updater 26304 Patching C:\Qt\6.6.1\mingw_64\lib\Qt6Widgets.prl
2026-06-09 11:27:10,476 - aqt.updater - INFO - updater 26304 Patching C:\Qt\6.6.1\mingw_64\lib\Qt6Xml.prl
2026-06-09 11:27:10,485 - aqt.main - INFO - installer 26304 Finished installation
2026-06-09 11:27:10,485 - aqt.main - INFO - installer 26304 Time elapsed: 29.44627140 second
2026-06-09 11:43:38,697 - aqt.main - INFO - installer 24872 aqtinstall(aqt) v3.3.0 on Python 3.14.3 [CPython MSC v.1944 64 bit (AMD64)]
2026-06-09 11:43:38,698 - aqt.helper - DEBUG - helper 24872 Attempt to download checksum at https://download.qt.io/online/qtsdkrepository/windows_x86/desktop/qt6_661/Updates.xml.sha256
2026-06-09 11:43:40,872 - aqt.helper - DEBUG - helper 10948 Attempt to download checksum at https://download.qt.io/online/qtsdkrepository/windows_x86/desktop/qt6_661/qt.qt6.661.addons.qtmultimedia.win64_mingw/6.6.1-0-202311210527qtmultimedia-Windows-Windows_10_22H2-Mingw-Windows-Windows_10_22H2-X86_64.7z.sha256
2026-06-09 11:43:40,876 - aqt.helper - DEBUG - helper 11368 Attempt to download checksum at https://download.qt.io/online/qtsdkrepository/windows_x86/desktop/qt6_661/qt.qt6.661.win64_mingw/6.6.1-0-202311210527qtbase-Windows-Windows_10_22H2-Mingw-Windows-Windows_10_22H2-X86_64.7z.sha256
2026-06-09 11:43:40,880 - aqt.helper - DEBUG - helper 12144 Attempt to download checksum at https://download.qt.io/online/qtsdkrepository/windows_x86/desktop/qt6_661/qt.qt6.661.win64_mingw/6.6.1-0-202311210527qtsvg-Windows-Windows_10_22H2-Mingw-Windows-Windows_10_22H2-X86_64.7z.sha256
2026-06-09 11:43:40,880 - aqt.helper - DEBUG - helper 23368 Attempt to download checksum at https://download.qt.io/online/qtsdkrepository/windows_x86/desktop/qt6_661/qt.qt6.661.win64_mingw/6.6.1-0-202311210527qtdeclarative-Windows-Windows_10_22H2-Mingw-Windows-Windows_10_22H2-X86_64.7z.sha256
2026-06-09 11:43:41,636 - aqt.helper - INFO - helper 11368 Downloading qtbase...
2026-06-09 11:43:41,637 - aqt.installer - DEBUG - installer 11368 Download URL: https://download.qt.io/online/qtsdkrepository/windows_x86/desktop/qt6_661/qt.qt6.661.win64_mingw/6.6.1-0-202311210527qtbase-Windows-Windows_10_22H2-Mingw-Windows-Windows_10_22H2-X86_64.7z
2026-06-09 11:43:41,642 - aqt.helper - INFO - helper 23368 Downloading qtdeclarative...
2026-06-09 11:43:41,642 - aqt.installer - DEBUG - installer 23368 Download URL: https://download.qt.io/online/qtsdkrepository/windows_x86/desktop/qt6_661/qt.qt6.661.win64_mingw/6.6.1-0-202311210527qtdeclarative-Windows-Windows_10_22H2-Mingw-Windows-Windows_10_22H2-X86_64.7z
2026-06-09 11:43:41,653 - aqt.helper - INFO - helper 12144 Downloading qtsvg...
2026-06-09 11:43:41,653 - aqt.installer - DEBUG - installer 12144 Download URL: https://download.qt.io/online/qtsdkrepository/windows_x86/desktop/qt6_661/qt.qt6.661.win64_mingw/6.6.1-0-202311210527qtsvg-Windows-Windows_10_22H2-Mingw-Windows-Windows_10_22H2-X86_64.7z
2026-06-09 11:43:41,656 - aqt.helper - INFO - helper 10948 Downloading qtmultimedia...
2026-06-09 11:43:41,656 - aqt.installer - DEBUG - installer 10948 Download URL: https://download.qt.io/online/qtsdkrepository/windows_x86/desktop/qt6_661/qt.qt6.661.addons.qtmultimedia.win64_mingw/6.6.1-0-202311210527qtmultimedia-Windows-Windows_10_22H2-Mingw-Windows-Windows_10_22H2-X86_64.7z
2026-06-09 11:43:42,380 - aqt.helper - DEBUG - helper 11368 Asked to redirect(302) to: https://mirrors.20i.com/pub/qt.io/online/qtsdkrepository/windows_x86/desktop/qt6_661/qt.qt6.661.win64_mingw/6.6.1-0-202311210527qtbase-Windows-Windows_10_22H2-Mingw-Windows-Windows_10_22H2-X86_64.7z
2026-06-09 11:43:42,380 - aqt.helper - INFO - helper 11368 Redirected: mirrors.20i.com
2026-06-09 11:43:42,410 - aqt.helper - DEBUG - helper 12144 Asked to redirect(302) to: https://mirrors.20i.com/pub/qt.io/online/qtsdkrepository/windows_x86/desktop/qt6_661/qt.qt6.661.win64_mingw/6.6.1-0-202311210527qtsvg-Windows-Windows_10_22H2-Mingw-Windows-Windows_10_22H2-X86_64.7z
2026-06-09 11:43:42,410 - aqt.helper - INFO - helper 12144 Redirected: mirrors.20i.com
2026-06-09 11:43:42,425 - aqt.helper - DEBUG - helper 10948 Asked to redirect(302) to: https://mirrors.20i.com/pub/qt.io/online/qtsdkrepository/windows_x86/desktop/qt6_661/qt.qt6.661.addons.qtmultimedia.win64_mingw/6.6.1-0-202311210527qtmultimedia-Windows-Windows_10_22H2-Mingw-Windows-Windows_10_22H2-X86_64.7z
2026-06-09 11:43:42,425 - aqt.helper - INFO - helper 10948 Redirected: mirrors.20i.com
2026-06-09 11:43:42,443 - aqt.helper - DEBUG - helper 23368 Asked to redirect(302) to: https://mirrors.20i.com/pub/qt.io/online/qtsdkrepository/windows_x86/desktop/qt6_661/qt.qt6.661.win64_mingw/6.6.1-0-202311210527qtdeclarative-Windows-Windows_10_22H2-Mingw-Windows-Windows_10_22H2-X86_64.7z
2026-06-09 11:43:42,443 - aqt.helper - INFO - helper 23368 Redirected: mirrors.20i.com
2026-06-09 11:43:43,195 - aqt.installer - INFO - installer 12144 Finished installation of qtsvg-Windows-Windows_10_22H2-Mingw-Windows-Windows_10_22H2-X86_64.7z in 2.31759660
2026-06-09 11:43:43,207 - aqt.helper - DEBUG - helper 12144 Attempt to download checksum at https://download.qt.io/online/qtsdkrepository/windows_x86/desktop/qt6_661/qt.qt6.661.win64_mingw/6.6.1-0-202311210527qttools-Windows-Windows_10_22H2-Mingw-Windows-Windows_10_22H2-X86_64.7z.sha256
2026-06-09 11:43:43,855 - aqt.helper - INFO - helper 12144 Downloading qttools...
2026-06-09 11:43:43,855 - aqt.installer - DEBUG - installer 12144 Download URL: https://download.qt.io/online/qtsdkrepository/windows_x86/desktop/qt6_661/qt.qt6.661.win64_mingw/6.6.1-0-202311210527qttools-Windows-Windows_10_22H2-Mingw-Windows-Windows_10_22H2-X86_64.7z
2026-06-09 11:43:44,528 - aqt.helper - DEBUG - helper 12144 Asked to redirect(302) to: https://mirrors.20i.com/pub/qt.io/online/qtsdkrepository/windows_x86/desktop/qt6_661/qt.qt6.661.win64_mingw/6.6.1-0-202311210527qttools-Windows-Windows_10_22H2-Mingw-Windows-Windows_10_22H2-X86_64.7z
2026-06-09 11:43:44,528 - aqt.helper - INFO - helper 12144 Redirected: mirrors.20i.com
2026-06-09 11:43:46,330 - aqt.installer - INFO - installer 10948 Finished installation of qtmultimedia-Windows-Windows_10_22H2-Mingw-Windows-Windows_10_22H2-X86_64.7z in 5.46016320
2026-06-09 11:43:46,346 - aqt.helper - DEBUG - helper 10948 Attempt to download checksum at https://download.qt.io/online/qtsdkrepository/windows_x86/desktop/qt6_661/qt.qt6.661.win64_mingw/6.6.1-0-202311210527qttranslations-Windows-Windows_10_22H2-Mingw-Windows-Windows_10_22H2-X86_64.7z.sha256
2026-06-09 11:43:47,067 - aqt.helper - INFO - helper 10948 Downloading qttranslations...
2026-06-09 11:43:47,068 - aqt.installer - DEBUG - installer 10948 Download URL: https://download.qt.io/online/qtsdkrepository/windows_x86/desktop/qt6_661/qt.qt6.661.win64_mingw/6.6.1-0-202311210527qttranslations-Windows-Windows_10_22H2-Mingw-Windows-Windows_10_22H2-X86_64.7z
2026-06-09 11:43:47,786 - aqt.helper - DEBUG - helper 10948 Asked to redirect(302) to: https://mirrors.20i.com/pub/qt.io/online/qtsdkrepository/windows_x86/desktop/qt6_661/qt.qt6.661.win64_mingw/6.6.1-0-202311210527qttranslations-Windows-Windows_10_22H2-Mingw-Windows-Windows_10_22H2-X86_64.7z
2026-06-09 11:43:47,786 - aqt.helper - INFO - helper 10948 Redirected: mirrors.20i.com
2026-06-09 11:43:49,017 - aqt.installer - INFO - installer 10948 Finished installation of qttranslations-Windows-Windows_10_22H2-Mingw-Windows-Windows_10_22H2-X86_64.7z in 2.67285420
2026-06-09 11:43:49,032 - aqt.helper - DEBUG - helper 10948 Attempt to download checksum at https://download.qt.io/online/qtsdkrepository/windows_x86/desktop/qt6_661/qt.qt6.661.win64_mingw/6.6.1-0-202311210527MinGW-w64-x86_64-11.2.0-release-posix-seh-rt_v9-rev1-runtime.7z.sha256
2026-06-09 11:43:49,109 - aqt.installer - INFO - installer 12144 Finished installation of qttools-Windows-Windows_10_22H2-Mingw-Windows-Windows_10_22H2-X86_64.7z in 5.90463040
2026-06-09 11:43:49,122 - aqt.helper - DEBUG - helper 12144 Attempt to download checksum at https://download.qt.io/online/qtsdkrepository/windows_x86/desktop/qt6_661/qt.qt6.661.win64_mingw/6.6.1-0-202311210527d3dcompiler_47-x64.7z.sha256
2026-06-09 11:43:49,715 - aqt.helper - INFO - helper 10948 Downloading MinGW...
2026-06-09 11:43:49,715 - aqt.installer - DEBUG - installer 10948 Download URL: https://download.qt.io/online/qtsdkrepository/windows_x86/desktop/qt6_661/qt.qt6.661.win64_mingw/6.6.1-0-202311210527MinGW-w64-x86_64-11.2.0-release-posix-seh-rt_v9-rev1-runtime.7z
2026-06-09 11:43:49,794 - aqt.installer - INFO - installer 11368 Finished installation of qtbase-Windows-Windows_10_22H2-Mingw-Windows-Windows_10_22H2-X86_64.7z in 8.92032730
2026-06-09 11:43:49,810 - aqt.helper - DEBUG - helper 11368 Attempt to download checksum at https://download.qt.io/online/qtsdkrepository/windows_x86/desktop/qt6_661/qt.qt6.661.win64_mingw/6.6.1-0-202311210527opengl32sw-64-mesa_11_2_2-signed_sha256.7z.sha256
2026-06-09 11:43:49,811 - aqt.helper - INFO - helper 12144 Downloading d3dcompiler_47...
2026-06-09 11:43:49,811 - aqt.installer - DEBUG - installer 12144 Download URL: https://download.qt.io/online/qtsdkrepository/windows_x86/desktop/qt6_661/qt.qt6.661.win64_mingw/6.6.1-0-202311210527d3dcompiler_47-x64.7z
2026-06-09 11:43:50,432 - aqt.helper - DEBUG - helper 10948 Asked to redirect(302) to: https://mirrors.20i.com/pub/qt.io/online/qtsdkrepository/windows_x86/desktop/qt6_661/qt.qt6.661.win64_mingw/6.6.1-0-202311210527MinGW-w64-x86_64-11.2.0-release-posix-seh-rt_v9-rev1-runtime.7z
2026-06-09 11:43:50,432 - aqt.helper - INFO - helper 10948 Redirected: mirrors.20i.com
2026-06-09 11:43:50,528 - aqt.helper - DEBUG - helper 12144 Asked to redirect(302) to: https://mirrors.20i.com/pub/qt.io/online/qtsdkrepository/windows_x86/desktop/qt6_661/qt.qt6.661.win64_mingw/6.6.1-0-202311210527d3dcompiler_47-x64.7z
2026-06-09 11:43:50,528 - aqt.helper - INFO - helper 12144 Redirected: mirrors.20i.com
2026-06-09 11:43:50,543 - aqt.helper - INFO - helper 11368 Downloading opengl32sw...
2026-06-09 11:43:50,543 - aqt.installer - DEBUG - installer 11368 Download URL: https://download.qt.io/online/qtsdkrepository/windows_x86/desktop/qt6_661/qt.qt6.661.win64_mingw/6.6.1-0-202311210527opengl32sw-64-mesa_11_2_2-signed_sha256.7z
2026-06-09 11:43:51,178 - aqt.installer - INFO - installer 10948 Finished installation of MinGW-w64-x86_64-11.2.0-release-posix-seh-rt_v9-rev1-runtime.7z in 2.14950550
2026-06-09 11:43:51,234 - aqt.helper - DEBUG - helper 11368 Asked to redirect(302) to: https://mirrors.20i.com/pub/qt.io/online/qtsdkrepository/windows_x86/desktop/qt6_661/qt.qt6.661.win64_mingw/6.6.1-0-202311210527opengl32sw-64-mesa_11_2_2-signed_sha256.7z
2026-06-09 11:43:51,234 - aqt.helper - INFO - helper 11368 Redirected: mirrors.20i.com
2026-06-09 11:43:51,358 - aqt.installer - INFO - installer 12144 Finished installation of d3dcompiler_47-x64.7z in 2.23798690
2026-06-09 11:43:52,455 - aqt.installer - INFO - installer 11368 Finished installation of opengl32sw-64-mesa_11_2_2-signed_sha256.7z in 2.64733630
2026-06-09 11:43:54,956 - aqt.installer - INFO - installer 23368 Finished installation of qtdeclarative-Windows-Windows_10_22H2-Mingw-Windows-Windows_10_22H2-X86_64.7z in 14.07783830
2026-06-09 11:43:55,308 - aqt.updater - INFO - updater 24872 Patching C:\Qt\6.6.1\mingw_64\bin\qmake.exe
2026-06-09 11:43:55,312 - aqt.updater - INFO - updater 24872 Patching C:\Qt\6.6.1\mingw_64\lib\pkgconfig\Qt6Concurrent.pc
2026-06-09 11:43:55,313 - aqt.updater - INFO - updater 24872 Patching C:\Qt\6.6.1\mingw_64\lib\pkgconfig\Qt6Core.pc
2026-06-09 11:43:55,319 - aqt.updater - INFO - updater 24872 Patching C:\Qt\6.6.1\mingw_64\lib\pkgconfig\Qt6DBus.pc
2026-06-09 11:43:55,321 - aqt.updater - INFO - updater 24872 Patching C:\Qt\6.6.1\mingw_64\lib\pkgconfig\Qt6Designer.pc
2026-06-09 11:43:55,322 - aqt.updater - INFO - updater 24872 Patching C:\Qt\6.6.1\mingw_64\lib\pkgconfig\Qt6Gui.pc
2026-06-09 11:43:55,323 - aqt.updater - INFO - updater 24872 Patching C:\Qt\6.6.1\mingw_64\lib\pkgconfig\Qt6Help.pc
2026-06-09 11:43:55,324 - aqt.updater - INFO - updater 24872 Patching C:\Qt\6.6.1\mingw_64\lib\pkgconfig\Qt6LabsAnimation.pc
2026-06-09 11:43:55,326 - aqt.updater - INFO - updater 24872 Patching C:\Qt\6.6.1\mingw_64\lib\pkgconfig\Qt6LabsFolderListModel.pc
2026-06-09 11:43:55,327 - aqt.updater - INFO - updater 24872 Patching C:\Qt\6.6.1\mingw_64\lib\pkgconfig\Qt6LabsQmlModels.pc
2026-06-09 11:43:55,328 - aqt.updater - INFO - updater 24872 Patching C:\Qt\6.6.1\mingw_64\lib\pkgconfig\Qt6LabsSettings.pc
2026-06-09 11:43:55,330 - aqt.updater - INFO - updater 24872 Patching C:\Qt\6.6.1\mingw_64\lib\pkgconfig\Qt6LabsSharedImage.pc
2026-06-09 11:43:55,331 - aqt.updater - INFO - updater 24872 Patching C:\Qt\6.6.1\mingw_64\lib\pkgconfig\Qt6LabsWavefrontMesh.pc
2026-06-09 11:43:55,337 - aqt.updater - INFO - updater 24872 Patching C:\Qt\6.6.1\mingw_64\lib\pkgconfig\Qt6Linguist.pc
2026-06-09 11:43:55,338 - aqt.updater - INFO - updater 24872 Patching C:\Qt\6.6.1\mingw_64\lib\pkgconfig\Qt6Multimedia.pc
2026-06-09 11:43:55,344 - aqt.updater - INFO - updater 24872 Patching C:\Qt\6.6.1\mingw_64\lib\pkgconfig\Qt6MultimediaWidgets.pc
2026-06-09 11:43:55,350 - aqt.updater - INFO - updater 24872 Patching C:\Qt\6.6.1\mingw_64\lib\pkgconfig\Qt6Network.pc
2026-06-09 11:43:55,356 - aqt.updater - INFO - updater 24872 Patching C:\Qt\6.6.1\mingw_64\lib\pkgconfig\Qt6OpenGL.pc
2026-06-09 11:43:55,357 - aqt.updater - INFO - updater 24872 Patching C:\Qt\6.6.1\mingw_64\lib\pkgconfig\Qt6OpenGLWidgets.pc
2026-06-09 11:43:55,359 - aqt.updater - INFO - updater 24872 Patching C:\Qt\6.6.1\mingw_64\lib\pkgconfig\Qt6Platform.pc
2026-06-09 11:43:55,360 - aqt.updater - INFO - updater 24872 Patching C:\Qt\6.6.1\mingw_64\lib\pkgconfig\Qt6PrintSupport.pc
2026-06-09 11:43:55,362 - aqt.updater - INFO - updater 24872 Patching C:\Qt\6.6.1\mingw_64\lib\pkgconfig\Qt6QDocCatchConversionsPrivate.pc
2026-06-09 11:43:55,363 - aqt.updater - INFO - updater 24872 Patching C:\Qt\6.6.1\mingw_64\lib\pkgconfig\Qt6QDocCatchGeneratorsPrivate.pc
2026-06-09 11:43:55,364 - aqt.updater - INFO - updater 24872 Patching C:\Qt\6.6.1\mingw_64\lib\pkgconfig\Qt6Qml.pc
2026-06-09 11:43:55,371 - aqt.updater - INFO - updater 24872 Patching C:\Qt\6.6.1\mingw_64\lib\pkgconfig\Qt6QmlCompiler.pc
2026-06-09 11:43:55,372 - aqt.updater - INFO - updater 24872 Patching C:\Qt\6.6.1\mingw_64\lib\pkgconfig\Qt6QmlCore.pc
2026-06-09 11:43:55,373 - aqt.updater - INFO - updater 24872 Patching C:\Qt\6.6.1\mingw_64\lib\pkgconfig\Qt6QmlIntegration.pc
2026-06-09 11:43:55,375 - aqt.updater - INFO - updater 24872 Patching C:\Qt\6.6.1\mingw_64\lib\pkgconfig\Qt6QmlLocalStorage.pc
2026-06-09 11:43:55,376 - aqt.updater - INFO - updater 24872 Patching C:\Qt\6.6.1\mingw_64\lib\pkgconfig\Qt6QmlModels.pc
2026-06-09 11:43:55,377 - aqt.updater - INFO - updater 24872 Patching C:\Qt\6.6.1\mingw_64\lib\pkgconfig\Qt6QmlWorkerScript.pc
2026-06-09 11:43:55,379 - aqt.updater - INFO - updater 24872 Patching C:\Qt\6.6.1\mingw_64\lib\pkgconfig\Qt6QmlXmlListModel.pc
2026-06-09 11:43:55,380 - aqt.updater - INFO - updater 24872 Patching C:\Qt\6.6.1\mingw_64\lib\pkgconfig\Qt6Quick.pc
2026-06-09 11:43:55,382 - aqt.updater - INFO - updater 24872 Patching C:\Qt\6.6.1\mingw_64\lib\pkgconfig\Qt6QuickControls2.pc
2026-06-09 11:43:55,383 - aqt.updater - INFO - updater 24872 Patching C:\Qt\6.6.1\mingw_64\lib\pkgconfig\Qt6QuickControls2Impl.pc
2026-06-09 11:43:55,384 - aqt.updater - INFO - updater 24872 Patching C:\Qt\6.6.1\mingw_64\lib\pkgconfig\Qt6QuickDialogs2.pc
2026-06-09 11:43:55,385 - aqt.updater - INFO - updater 24872 Patching C:\Qt\6.6.1\mingw_64\lib\pkgconfig\Qt6QuickDialogs2QuickImpl.pc
2026-06-09 11:43:55,387 - aqt.updater - INFO - updater 24872 Patching C:\Qt\6.6.1\mingw_64\lib\pkgconfig\Qt6QuickDialogs2Utils.pc
2026-06-09 11:43:55,388 - aqt.updater - INFO - updater 24872 Patching C:\Qt\6.6.1\mingw_64\lib\pkgconfig\Qt6QuickLayouts.pc
2026-06-09 11:43:55,395 - aqt.updater - INFO - updater 24872 Patching C:\Qt\6.6.1\mingw_64\lib\pkgconfig\Qt6QuickTemplates2.pc
2026-06-09 11:43:55,396 - aqt.updater - INFO - updater 24872 Patching C:\Qt\6.6.1\mingw_64\lib\pkgconfig\Qt6QuickTest.pc
2026-06-09 11:43:55,398 - aqt.updater - INFO - updater 24872 Patching C:\Qt\6.6.1\mingw_64\lib\pkgconfig\Qt6QuickWidgets.pc
2026-06-09 11:43:55,399 - aqt.updater - INFO - updater 24872 Patching C:\Qt\6.6.1\mingw_64\lib\pkgconfig\Qt6SpatialAudio.pc
2026-06-09 11:43:55,405 - aqt.updater - INFO - updater 24872 Patching C:\Qt\6.6.1\mingw_64\lib\pkgconfig\Qt6Sql.pc
2026-06-09 11:43:55,407 - aqt.updater - INFO - updater 24872 Patching C:\Qt\6.6.1\mingw_64\lib\pkgconfig\Qt6Svg.pc
2026-06-09 11:43:55,413 - aqt.updater - INFO - updater 24872 Patching C:\Qt\6.6.1\mingw_64\lib\pkgconfig\Qt6SvgWidgets.pc
2026-06-09 11:43:55,414 - aqt.updater - INFO - updater 24872 Patching C:\Qt\6.6.1\mingw_64\lib\pkgconfig\Qt6Test.pc
2026-06-09 11:43:55,415 - aqt.updater - INFO - updater 24872 Patching C:\Qt\6.6.1\mingw_64\lib\pkgconfig\Qt6UiPlugin.pc
2026-06-09 11:43:55,417 - aqt.updater - INFO - updater 24872 Patching C:\Qt\6.6.1\mingw_64\lib\pkgconfig\Qt6UiTools.pc
2026-06-09 11:43:55,418 - aqt.updater - INFO - updater 24872 Patching C:\Qt\6.6.1\mingw_64\lib\pkgconfig\Qt6Widgets.pc
2026-06-09 11:43:55,419 - aqt.updater - INFO - updater 24872 Patching C:\Qt\6.6.1\mingw_64\lib\pkgconfig\Qt6Xml.pc
2026-06-09 11:43:55,422 - aqt.updater - INFO - updater 24872 Patching C:\Qt\6.6.1\mingw_64\lib\Qt6Concurrent.prl
2026-06-09 11:43:55,423 - aqt.updater - INFO - updater 24872 Patching C:\Qt\6.6.1\mingw_64\lib\Qt6Core.prl
2026-06-09 11:43:55,425 - aqt.updater - INFO - updater 24872 Patching C:\Qt\6.6.1\mingw_64\lib\Qt6DBus.prl
2026-06-09 11:43:55,426 - aqt.updater - INFO - updater 24872 Patching C:\Qt\6.6.1\mingw_64\lib\Qt6Designer.prl
2026-06-09 11:43:55,427 - aqt.updater - INFO - updater 24872 Patching C:\Qt\6.6.1\mingw_64\lib\Qt6DesignerComponents.prl
2026-06-09 11:43:55,428 - aqt.updater - INFO - updater 24872 Patching C:\Qt\6.6.1\mingw_64\lib\Qt6DeviceDiscoverySupport.prl
2026-06-09 11:43:55,435 - aqt.updater - INFO - updater 24872 Patching C:\Qt\6.6.1\mingw_64\lib\Qt6EntryPoint.prl
2026-06-09 11:43:55,441 - aqt.updater - INFO - updater 24872 Patching C:\Qt\6.6.1\mingw_64\lib\Qt6ExampleIcons.prl
2026-06-09 11:43:55,442 - aqt.updater - INFO - updater 24872 Patching C:\Qt\6.6.1\mingw_64\lib\Qt6FbSupport.prl
2026-06-09 11:43:55,448 - aqt.updater - INFO - updater 24872 Patching C:\Qt\6.6.1\mingw_64\lib\Qt6Gui.prl
2026-06-09 11:43:55,454 - aqt.updater - INFO - updater 24872 Patching C:\Qt\6.6.1\mingw_64\lib\Qt6Help.prl
2026-06-09 11:43:55,456 - aqt.updater - INFO - updater 24872 Patching C:\Qt\6.6.1\mingw_64\lib\Qt6LabsAnimation.prl
2026-06-09 11:43:55,461 - aqt.updater - INFO - updater 24872 Patching C:\Qt\6.6.1\mingw_64\lib\Qt6LabsFolderListModel.prl
2026-06-09 11:43:55,462 - aqt.updater - INFO - updater 24872 Patching C:\Qt\6.6.1\mingw_64\lib\Qt6LabsQmlModels.prl
2026-06-09 11:43:55,464 - aqt.updater - INFO - updater 24872 Patching C:\Qt\6.6.1\mingw_64\lib\Qt6LabsSettings.prl
2026-06-09 11:43:55,465 - aqt.updater - INFO - updater 24872 Patching C:\Qt\6.6.1\mingw_64\lib\Qt6LabsSharedImage.prl
2026-06-09 11:43:55,466 - aqt.updater - INFO - updater 24872 Patching C:\Qt\6.6.1\mingw_64\lib\Qt6LabsWavefrontMesh.prl
2026-06-09 11:43:55,468 - aqt.updater - INFO - updater 24872 Patching C:\Qt\6.6.1\mingw_64\lib\Qt6Multimedia.prl
2026-06-09 11:43:55,474 - aqt.updater - INFO - updater 24872 Patching C:\Qt\6.6.1\mingw_64\lib\Qt6MultimediaQuick.prl
2026-06-09 11:43:55,479 - aqt.updater - INFO - updater 24872 Patching C:\Qt\6.6.1\mingw_64\lib\Qt6MultimediaWidgets.prl
2026-06-09 11:43:55,485 - aqt.updater - INFO - updater 24872 Patching C:\Qt\6.6.1\mingw_64\lib\Qt6Network.prl
2026-06-09 11:43:55,487 - aqt.updater - INFO - updater 24872 Patching C:\Qt\6.6.1\mingw_64\lib\Qt6OpenGL.prl
2026-06-09 11:43:55,488 - aqt.updater - INFO - updater 24872 Patching C:\Qt\6.6.1\mingw_64\lib\Qt6OpenGLWidgets.prl
2026-06-09 11:43:55,489 - aqt.updater - INFO - updater 24872 Patching C:\Qt\6.6.1\mingw_64\lib\Qt6PacketProtocol.prl
2026-06-09 11:43:55,490 - aqt.updater - INFO - updater 24872 Patching C:\Qt\6.6.1\mingw_64\lib\Qt6PrintSupport.prl
2026-06-09 11:43:55,492 - aqt.updater - INFO - updater 24872 Patching C:\Qt\6.6.1\mingw_64\lib\Qt6Qml.prl
2026-06-09 11:43:55,493 - aqt.updater - INFO - updater 24872 Patching C:\Qt\6.6.1\mingw_64\lib\Qt6QmlCompiler.prl
2026-06-09 11:43:55,495 - aqt.updater - INFO - updater 24872 Patching C:\Qt\6.6.1\mingw_64\lib\Qt6QmlCore.prl
2026-06-09 11:43:55,496 - aqt.updater - INFO - updater 24872 Patching C:\Qt\6.6.1\mingw_64\lib\Qt6QmlDebug.prl
2026-06-09 11:43:55,498 - aqt.updater - INFO - updater 24872 Patching C:\Qt\6.6.1\mingw_64\lib\Qt6QmlDom.prl
2026-06-09 11:43:55,499 - aqt.updater - INFO - updater 24872 Patching C:\Qt\6.6.1\mingw_64\lib\Qt6QmlLocalStorage.prl
2026-06-09 11:43:55,500 - aqt.updater - INFO - updater 24872 Patching C:\Qt\6.6.1\mingw_64\lib\Qt6QmlLS.prl
2026-06-09 11:43:55,502 - aqt.updater - INFO - updater 24872 Patching C:\Qt\6.6.1\mingw_64\lib\Qt6QmlModels.prl
2026-06-09 11:43:55,503 - aqt.updater - INFO - updater 24872 Patching C:\Qt\6.6.1\mingw_64\lib\Qt6QmlToolingSettings.prl
2026-06-09 11:43:55,504 - aqt.updater - INFO - updater 24872 Patching C:\Qt\6.6.1\mingw_64\lib\Qt6QmlTypeRegistrar.prl
2026-06-09 11:43:55,506 - aqt.updater - INFO - updater 24872 Patching C:\Qt\6.6.1\mingw_64\lib\Qt6QmlWorkerScript.prl
2026-06-09 11:43:55,507 - aqt.updater - INFO - updater 24872 Patching C:\Qt\6.6.1\mingw_64\lib\Qt6QmlXmlListModel.prl
2026-06-09 11:43:55,508 - aqt.updater - INFO - updater 24872 Patching C:\Qt\6.6.1\mingw_64\lib\Qt6Quick.prl
2026-06-09 11:43:55,510 - aqt.updater - INFO - updater 24872 Patching C:\Qt\6.6.1\mingw_64\lib\Qt6Quick3DSpatialAudio.prl
2026-06-09 11:43:55,516 - aqt.updater - INFO - updater 24872 Patching C:\Qt\6.6.1\mingw_64\lib\Qt6QuickControls2.prl
2026-06-09 11:43:55,517 - aqt.updater - INFO - updater 24872 Patching C:\Qt\6.6.1\mingw_64\lib\Qt6QuickControls2Impl.prl
2026-06-09 11:43:55,518 - aqt.updater - INFO - updater 24872 Patching C:\Qt\6.6.1\mingw_64\lib\Qt6QuickControlsTestUtils.prl
2026-06-09 11:43:55,525 - aqt.updater - INFO - updater 24872 Patching C:\Qt\6.6.1\mingw_64\lib\Qt6QuickDialogs2.prl
2026-06-09 11:43:55,531 - aqt.updater - INFO - updater 24872 Patching C:\Qt\6.6.1\mingw_64\lib\Qt6QuickDialogs2QuickImpl.prl
2026-06-09 11:43:55,532 - aqt.updater - INFO - updater 24872 Patching C:\Qt\6.6.1\mingw_64\lib\Qt6QuickDialogs2Utils.prl
2026-06-09 11:43:55,534 - aqt.updater - INFO - updater 24872 Patching C:\Qt\6.6.1\mingw_64\lib\Qt6QuickEffects.prl
2026-06-09 11:43:55,535 - aqt.updater - INFO - updater 24872 Patching C:\Qt\6.6.1\mingw_64\lib\Qt6QuickLayouts.prl
2026-06-09 11:43:55,536 - aqt.updater - INFO - updater 24872 Patching C:\Qt\6.6.1\mingw_64\lib\Qt6QuickParticles.prl
2026-06-09 11:43:55,537 - aqt.updater - INFO - updater 24872 Patching C:\Qt\6.6.1\mingw_64\lib\Qt6QuickShapes.prl
2026-06-09 11:43:55,543 - aqt.updater - INFO - updater 24872 Patching C:\Qt\6.6.1\mingw_64\lib\Qt6QuickTemplates2.prl
2026-06-09 11:43:55,545 - aqt.updater - INFO - updater 24872 Patching C:\Qt\6.6.1\mingw_64\lib\Qt6QuickTest.prl
2026-06-09 11:43:55,546 - aqt.updater - INFO - updater 24872 Patching C:\Qt\6.6.1\mingw_64\lib\Qt6QuickTestUtils.prl
2026-06-09 11:43:55,547 - aqt.updater - INFO - updater 24872 Patching C:\Qt\6.6.1\mingw_64\lib\Qt6QuickWidgets.prl
2026-06-09 11:43:55,549 - aqt.updater - INFO - updater 24872 Patching C:\Qt\6.6.1\mingw_64\lib\Qt6SpatialAudio.prl
2026-06-09 11:43:55,555 - aqt.updater - INFO - updater 24872 Patching C:\Qt\6.6.1\mingw_64\lib\Qt6Sql.prl
2026-06-09 11:43:55,557 - aqt.updater - INFO - updater 24872 Patching C:\Qt\6.6.1\mingw_64\lib\Qt6Svg.prl
2026-06-09 11:43:55,558 - aqt.updater - INFO - updater 24872 Patching C:\Qt\6.6.1\mingw_64\lib\Qt6SvgWidgets.prl
2026-06-09 11:43:55,559 - aqt.updater - INFO - updater 24872 Patching C:\Qt\6.6.1\mingw_64\lib\Qt6Test.prl
2026-06-09 11:43:55,560 - aqt.updater - INFO - updater 24872 Patching C:\Qt\6.6.1\mingw_64\lib\Qt6UiTools.prl
2026-06-09 11:43:55,561 - aqt.updater - INFO - updater 24872 Patching C:\Qt\6.6.1\mingw_64\lib\Qt6Widgets.prl
2026-06-09 11:43:55,563 - aqt.updater - INFO - updater 24872 Patching C:\Qt\6.6.1\mingw_64\lib\Qt6Xml.prl
2026-06-09 11:43:55,565 - aqt.main - INFO - installer 24872 Finished installation
2026-06-09 11:43:55,565 - aqt.main - INFO - installer 24872 Time elapsed: 16.86720450 second
